// Jest Snapshot v1, https://goo.gl/fbAQLP

exports[`Should correctly render EditTodoPage 1`] = `
<div>
  <div
    className="pageHeader"
  >
    <div
      className="summaryContent"
    >
      <h1
        className="pageHeaderTitle"
      >
        Edit todo
      </h1>
    </div>
  </div>
  <div
    className="content-container"
  >
    <TodoForm
      onSubmit={[Function]}
      todo={
        Object {
          "completed": true,
          "createdAt": 259200000,
          "details": "These are first details",
          "id": "1",
          "priority": 0,
          "title": "First todo",
        }
      }
    />
    <button
      className="buttonLogout"
      onClick={[Function]}
      style={
        Object {
          "background": "#fe4a49",
        }
      }
    >
      Remove
    </button>
  </div>
</div>
`;
